{
    "a + b + c": {
        "type": "OperatorNode",
        "op": "+",
        "fn": "add",
        "args": [
            {
                "type": "SymbolNode",
                "name": "a"
            },
            {
                "type": "SymbolNode",
                "name": "b"
            },
            {
                "type": "SymbolNode",
                "name": "c"
            }
        ],
        "implicit": false
    },
    "a - b - c": {
        "type": "OperatorNode",
        "op": "+",
        "fn": "add",
        "args": [
            {
                "type": "SymbolNode",
                "name": "a"
            },
            {
                "type": "OperatorNode",
                "op": "-",
                "fn": "unaryMinus",
                "args": [
                    {
                        "type": "SymbolNode",
                        "name": "b"
                    }
                ],
                "implicit": false
            },
            {
                "type": "OperatorNode",
                "op": "-",
                "fn": "unaryMinus",
                "args": [
                    {
                        "type": "SymbolNode",
                        "name": "c"
                    }
                ],
                "implicit": false
            }
        ],
        "implicit": false
    },
    "a + -b - c": {
        "type": "OperatorNode",
        "op": "+",
        "fn": "add",
        "args": [
            {
                "type": "SymbolNode",
                "name": "a"
            },
            {
                "type": "OperatorNode",
                "op": "-",
                "fn": "unaryMinus",
                "args": [
                    {
                        "type": "SymbolNode",
                        "name": "b"
                    }
                ],
                "implicit": false
            },
            {
                "type": "OperatorNode",
                "op": "-",
                "fn": "unaryMinus",
                "args": [
                    {
                        "type": "SymbolNode",
                        "name": "c"
                    }
                ],
                "implicit": false
            }
        ],
        "implicit": false
    },
    "a - b - -c": {
        "type": "OperatorNode",
        "op": "+",
        "fn": "add",
        "args": [
            {
                "type": "SymbolNode",
                "name": "a"
            },
            {
                "type": "OperatorNode",
                "op": "-",
                "fn": "unaryMinus",
                "args": [
                    {
                        "type": "SymbolNode",
                        "name": "b"
                    }
                ],
                "implicit": false
            },
            {
                "type": "OperatorNode",
                "op": "-",
                "fn": "unaryMinus",
                "args": [
                    {
                        "type": "OperatorNode",
                        "op": "-",
                        "fn": "unaryMinus",
                        "args": [
                            {
                                "type": "SymbolNode",
                                "name": "c"
                            }
                        ],
                        "implicit": false
                    }
                ],
                "implicit": false
            }
        ],
        "implicit": false
    },
    "a b c": {
        "type": "OperatorNode",
        "op": "*",
        "fn": "multiply",
        "args": [
            {
                "type": "SymbolNode",
                "name": "a"
            },
            {
                "type": "SymbolNode",
                "name": "b"
            },
            {
                "type": "SymbolNode",
                "name": "c"
            }
        ],
        "implicit": true
    },
    "a*b c": {
        "type": "OperatorNode",
        "op": "*",
        "fn": "multiply",
        "args": [
            {
                "type": "SymbolNode",
                "name": "a"
            },
            {
                "type": "OperatorNode",
                "op": "*",
                "fn": "multiply",
                "args": [
                    {
                        "type": "SymbolNode",
                        "name": "b"
                    },
                    {
                        "type": "SymbolNode",
                        "name": "c"
                    }
                ],
                "implicit": true
            }
        ],
        "implicit": false
    },
    "a b * b * b c": {
        "type": "OperatorNode",
        "op": "*",
        "fn": "multiply",
        "args": [
            {
                "type": "OperatorNode",
                "op": "*",
                "fn": "multiply",
                "args": [
                    {
                        "type": "SymbolNode",
                        "name": "a"
                    },
                    {
                        "type": "SymbolNode",
                        "name": "b"
                    }
                ],
                "implicit": true
            },
            {
                "type": "SymbolNode",
                "name": "b"
            },
            {
                "type": "OperatorNode",
                "op": "*",
                "fn": "multiply",
                "args": [
                    {
                        "type": "SymbolNode",
                        "name": "b"
                    },
                    {
                        "type": "SymbolNode",
                        "name": "c"
                    }
                ],
                "implicit": true
            }
        ],
        "implicit": false
    },
    "a*b*c": {
        "type": "OperatorNode",
        "op": "*",
        "fn": "multiply",
        "args": [
            {
                "type": "SymbolNode",
                "name": "a"
            },
            {
                "type": "SymbolNode",
                "name": "b"
            },
            {
                "type": "SymbolNode",
                "name": "c"
            }
        ],
        "implicit": false
    },
    "(a)(b)(c)": {
        "type": "OperatorNode",
        "op": "*",
        "fn": "multiply",
        "args": [
            {
                "type": "SymbolNode",
                "name": "a"
            },
            {
                "type": "SymbolNode",
                "name": "b"
            },
            {
                "type": "SymbolNode",
                "name": "c"
            }
        ],
        "implicit": true
    },
    "(a)b(c)": {
        "type": "OperatorNode",
        "op": "*",
        "fn": "multiply",
        "args": [
            {
                "type": "SymbolNode",
                "name": "a"
            },
            {
                "type": "FunctionNode",
                "fn": "b",
                "args": [
                    {
                        "type": "SymbolNode",
                        "name": "c"
                    }
                ]
            }
        ],
        "implicit": true
    },
    "a/b/c": {
        "type": "OperatorNode",
        "op": "/",
        "fn": "divide",
        "args": [
            {
                "type": "SymbolNode",
                "name": "a"
            },
            {
                "type": "OperatorNode",
                "op": "*",
                "fn": "multiply",
                "args": [
                    {
                        "type": "SymbolNode",
                        "name": "b"
                    },
                    {
                        "type": "SymbolNode",
                        "name": "c"
                    }
                ],
                "implicit": false
            }
        ],
        "implicit": false
    },
    "a*b/c/d": {
        "type": "OperatorNode",
        "op": "/",
        "fn": "divide",
        "args": [
            {
                "type": "OperatorNode",
                "op": "*",
                "fn": "multiply",
                "args": [
                    {
                        "type": "SymbolNode",
                        "name": "a"
                    },
                    {
                        "type": "SymbolNode",
                        "name": "b"
                    }
                ],
                "implicit": false
            },
            {
                "type": "OperatorNode",
                "op": "*",
                "fn": "multiply",
                "args": [
                    {
                        "type": "SymbolNode",
                        "name": "c"
                    },
                    {
                        "type": "SymbolNode",
                        "name": "d"
                    }
                ],
                "implicit": false
            }
        ],
        "implicit": false
    },
    "a*b/(c*d)": {
        "type": "OperatorNode",
        "op": "/",
        "fn": "divide",
        "args": [
            {
                "type": "OperatorNode",
                "op": "*",
                "fn": "multiply",
                "args": [
                    {
                        "type": "SymbolNode",
                        "name": "a"
                    },
                    {
                        "type": "SymbolNode",
                        "name": "b"
                    }
                ],
                "implicit": false
            },
            {
                "type": "OperatorNode",
                "op": "*",
                "fn": "multiply",
                "args": [
                    {
                        "type": "SymbolNode",
                        "name": "c"
                    },
                    {
                        "type": "SymbolNode",
                        "name": "d"
                    }
                ],
                "implicit": false
            }
        ],
        "implicit": false
    }
}