{
    "a + b + c": {
        "type": "Operation",
        "op": "+",
        "args": [
            {
                "type": "Identifier",
                "name": "a",
                "loc": {
                    "start": 0,
                    "end": 1
                }
            },
            {
                "type": "Identifier",
                "name": "b",
                "loc": {
                    "start": 4,
                    "end": 5
                }
            },
            {
                "type": "Identifier",
                "name": "c",
                "loc": {
                    "start": 8,
                    "end": 9
                }
            }
        ],
        "loc": {}
    },
    "a - b - c": {
        "type": "Operation",
        "op": "+",
        "args": [
            {
                "type": "Identifier",
                "name": "a",
                "loc": {
                    "start": 0,
                    "end": 1
                }
            },
            {
                "type": "Operation",
                "op": "-",
                "args": [
                    {
                        "type": "Identifier",
                        "name": "b",
                        "loc": {
                            "start": 4,
                            "end": 5
                        }
                    }
                ],
                "loc": {},
                "wasMinus": true
            },
            {
                "type": "Operation",
                "op": "-",
                "args": [
                    {
                        "type": "Identifier",
                        "name": "c",
                        "loc": {
                            "start": 8,
                            "end": 9
                        }
                    }
                ],
                "loc": {},
                "wasMinus": true
            }
        ],
        "loc": {}
    },
    "a + -b - c": {
        "type": "Operation",
        "op": "+",
        "args": [
            {
                "type": "Identifier",
                "name": "a",
                "loc": {
                    "start": 0,
                    "end": 1
                }
            },
            {
                "type": "Operation",
                "op": "-",
                "args": [
                    {
                        "type": "Identifier",
                        "name": "b",
                        "loc": {
                            "start": 5,
                            "end": 6
                        }
                    }
                ],
                "loc": {
                    "start": 4,
                    "end": 6
                }
            },
            {
                "type": "Operation",
                "op": "-",
                "args": [
                    {
                        "type": "Identifier",
                        "name": "c",
                        "loc": {
                            "start": 9,
                            "end": 10
                        }
                    }
                ],
                "loc": {},
                "wasMinus": true
            }
        ],
        "loc": {}
    },
    "a - b - -c": {
        "type": "Operation",
        "op": "+",
        "args": [
            {
                "type": "Identifier",
                "name": "a",
                "loc": {
                    "start": 0,
                    "end": 1
                }
            },
            {
                "type": "Operation",
                "op": "-",
                "args": [
                    {
                        "type": "Identifier",
                        "name": "b",
                        "loc": {
                            "start": 4,
                            "end": 5
                        }
                    }
                ],
                "loc": {},
                "wasMinus": true
            },
            {
                "type": "Operation",
                "op": "-",
                "args": [
                    {
                        "type": "Operation",
                        "op": "-",
                        "args": [
                            {
                                "type": "Identifier",
                                "name": "c",
                                "loc": {
                                    "start": 9,
                                    "end": 10
                                }
                            }
                        ],
                        "loc": {
                            "start": 8,
                            "end": 10
                        }
                    }
                ],
                "loc": {},
                "wasMinus": true
            }
        ],
        "loc": {}
    },
    "1 - 2": {
        "type": "Operation",
        "op": "+",
        "args": [
            {
                "type": "Number",
                "value": "1",
                "loc": {
                    "start": 0,
                    "end": 1
                }
            },
            {
                "type": "Operation",
                "op": "-",
                "args": [
                    {
                        "type": "Number",
                        "value": "2",
                        "loc": {
                            "start": 4,
                            "end": 5
                        }
                    }
                ],
                "loc": {},
                "wasMinus": true
            }
        ],
        "loc": {}
    },
    "1 - -2": {
        "type": "Operation",
        "op": "+",
        "args": [
            {
                "type": "Number",
                "value": "1",
                "loc": {
                    "start": 0,
                    "end": 1
                }
            },
            {
                "type": "Operation",
                "op": "-",
                "args": [
                    {
                        "type": "Number",
                        "value": "-2",
                        "loc": {
                            "start": 4,
                            "end": 6
                        }
                    }
                ],
                "loc": {},
                "wasMinus": true
            }
        ],
        "loc": {}
    },
    "a b c": {
        "type": "Operation",
        "op": "*",
        "args": [
            {
                "type": "Identifier",
                "name": "a",
                "loc": {
                    "start": 0,
                    "end": 1
                }
            },
            {
                "type": "Identifier",
                "name": "b",
                "loc": {
                    "start": 2,
                    "end": 3
                }
            },
            {
                "type": "Identifier",
                "name": "c",
                "loc": {
                    "start": 4,
                    "end": 5
                }
            }
        ],
        "loc": {},
        "implicit": true
    },
    "a*b c": {
        "type": "Operation",
        "op": "*",
        "args": [
            {
                "type": "Identifier",
                "name": "a",
                "loc": {
                    "start": 0,
                    "end": 1
                }
            },
            {
                "type": "Operation",
                "op": "*",
                "args": [
                    {
                        "type": "Identifier",
                        "name": "b",
                        "loc": {
                            "start": 2,
                            "end": 3
                        }
                    },
                    {
                        "type": "Identifier",
                        "name": "c",
                        "loc": {
                            "start": 4,
                            "end": 5
                        }
                    }
                ],
                "loc": {},
                "implicit": true
            }
        ],
        "loc": {}
    },
    "a b * b * b c": {
        "type": "Operation",
        "op": "*",
        "args": [
            {
                "type": "Operation",
                "op": "*",
                "args": [
                    {
                        "type": "Identifier",
                        "name": "a",
                        "loc": {
                            "start": 0,
                            "end": 1
                        }
                    },
                    {
                        "type": "Identifier",
                        "name": "b",
                        "loc": {
                            "start": 2,
                            "end": 3
                        }
                    }
                ],
                "loc": {},
                "implicit": true
            },
            {
                "type": "Identifier",
                "name": "b",
                "loc": {
                    "start": 6,
                    "end": 7
                }
            },
            {
                "type": "Operation",
                "op": "*",
                "args": [
                    {
                        "type": "Identifier",
                        "name": "b",
                        "loc": {
                            "start": 10,
                            "end": 11
                        }
                    },
                    {
                        "type": "Identifier",
                        "name": "c",
                        "loc": {
                            "start": 12,
                            "end": 13
                        }
                    }
                ],
                "loc": {},
                "implicit": true
            }
        ],
        "loc": {}
    },
    "a*b*c": {
        "type": "Operation",
        "op": "*",
        "args": [
            {
                "type": "Identifier",
                "name": "a",
                "loc": {
                    "start": 0,
                    "end": 1
                }
            },
            {
                "type": "Identifier",
                "name": "b",
                "loc": {
                    "start": 2,
                    "end": 3
                }
            },
            {
                "type": "Identifier",
                "name": "c",
                "loc": {
                    "start": 4,
                    "end": 5
                }
            }
        ],
        "loc": {}
    },
    "(a)(b)(c)": {
        "type": "Operation",
        "op": "*",
        "args": [
            {
                "type": "Identifier",
                "name": "a",
                "loc": {
                    "start": 1,
                    "end": 2
                }
            },
            {
                "type": "Identifier",
                "name": "b",
                "loc": {
                    "start": 4,
                    "end": 5
                }
            },
            {
                "type": "Identifier",
                "name": "c",
                "loc": {
                    "start": 7,
                    "end": 8
                }
            }
        ],
        "loc": {},
        "implicit": true
    },
    "(a)b(c)": {
        "type": "Operation",
        "op": "*",
        "args": [
            {
                "type": "Identifier",
                "name": "a",
                "loc": {
                    "start": 1,
                    "end": 2
                }
            },
            {
                "type": "Function",
                "fn": "b",
                "args": [
                    {
                        "type": "Identifier",
                        "name": "c",
                        "loc": {
                            "start": 5,
                            "end": 6
                        }
                    }
                ],
                "loc": {
                    "start": 3,
                    "end": 7
                }
            }
        ],
        "loc": {},
        "implicit": true
    },
    "a/b/c": {
        "type": "Operation",
        "op": "/",
        "args": [
            {
                "type": "Identifier",
                "name": "a",
                "loc": {
                    "start": 0,
                    "end": 1
                }
            },
            {
                "type": "Operation",
                "op": "*",
                "args": [
                    {
                        "type": "Identifier",
                        "name": "b",
                        "loc": {
                            "start": 2,
                            "end": 3
                        }
                    },
                    {
                        "type": "Identifier",
                        "name": "c",
                        "loc": {
                            "start": 4,
                            "end": 5
                        }
                    }
                ],
                "loc": {}
            }
        ],
        "loc": {}
    },
    "a*b/c/d": {
        "type": "Operation",
        "op": "/",
        "args": [
            {
                "type": "Operation",
                "op": "*",
                "args": [
                    {
                        "type": "Identifier",
                        "name": "a",
                        "loc": {
                            "start": 0,
                            "end": 1
                        }
                    },
                    {
                        "type": "Identifier",
                        "name": "b",
                        "loc": {
                            "start": 2,
                            "end": 3
                        }
                    }
                ],
                "loc": {}
            },
            {
                "type": "Operation",
                "op": "*",
                "args": [
                    {
                        "type": "Identifier",
                        "name": "c",
                        "loc": {
                            "start": 4,
                            "end": 5
                        }
                    },
                    {
                        "type": "Identifier",
                        "name": "d",
                        "loc": {
                            "start": 6,
                            "end": 7
                        }
                    }
                ],
                "loc": {}
            }
        ],
        "loc": {}
    },
    "a*b/(c*d)": {
        "type": "Operation",
        "op": "/",
        "args": [
            {
                "type": "Operation",
                "op": "*",
                "args": [
                    {
                        "type": "Identifier",
                        "name": "a",
                        "loc": {
                            "start": 0,
                            "end": 1
                        }
                    },
                    {
                        "type": "Identifier",
                        "name": "b",
                        "loc": {
                            "start": 2,
                            "end": 3
                        }
                    }
                ],
                "loc": {}
            },
            {
                "type": "Operation",
                "op": "*",
                "args": [
                    {
                        "type": "Identifier",
                        "name": "c",
                        "loc": {
                            "start": 5,
                            "end": 6
                        }
                    },
                    {
                        "type": "Identifier",
                        "name": "d",
                        "loc": {
                            "start": 7,
                            "end": 8
                        }
                    }
                ],
                "loc": {}
            }
        ],
        "loc": {}
    },
    "f(a,b)": {
        "type": "Function",
        "fn": "f",
        "args": [
            {
                "type": "Identifier",
                "name": "a",
                "loc": {
                    "start": 2,
                    "end": 3
                }
            },
            {
                "type": "Identifier",
                "name": "b",
                "loc": {
                    "start": 4,
                    "end": 5
                }
            }
        ],
        "loc": {
            "start": 0,
            "end": 6
        }
    },
    "f(a+b)": {
        "type": "Function",
        "fn": "f",
        "args": [
            {
                "type": "Operation",
                "op": "+",
                "args": [
                    {
                        "type": "Identifier",
                        "name": "a",
                        "loc": {
                            "start": 2,
                            "end": 3
                        }
                    },
                    {
                        "type": "Identifier",
                        "name": "b",
                        "loc": {
                            "start": 4,
                            "end": 5
                        }
                    }
                ],
                "loc": {}
            }
        ],
        "loc": {
            "start": 0,
            "end": 6
        }
    },
    "f(f(a))": {
        "type": "Function",
        "fn": "f",
        "args": [
            {
                "type": "Function",
                "fn": "f",
                "args": [
                    {
                        "type": "Identifier",
                        "name": "a",
                        "loc": {
                            "start": 4,
                            "end": 5
                        }
                    }
                ],
                "loc": {
                    "start": 2,
                    "end": 6
                }
            }
        ],
        "loc": {
            "start": 0,
            "end": 7
        }
    },
    "-a": {
        "type": "Operation",
        "op": "-",
        "args": [
            {
                "type": "Identifier",
                "name": "a",
                "loc": {
                    "start": 1,
                    "end": 2
                }
            }
        ],
        "loc": {
            "start": 0,
            "end": 2
        }
    },
    "-2": {
        "type": "Number",
        "value": "-2",
        "loc": {
            "start": 0,
            "end": 2
        }
    },
    "--a": {
        "type": "Operation",
        "op": "-",
        "args": [
            {
                "type": "Operation",
                "op": "-",
                "args": [
                    {
                        "type": "Identifier",
                        "name": "a",
                        "loc": {
                            "start": 2,
                            "end": 3
                        }
                    }
                ],
                "loc": {
                    "start": 1,
                    "end": 3
                }
            }
        ],
        "loc": {
            "start": 0,
            "end": 3
        }
    },
    "--2": {
        "type": "Operation",
        "op": "-",
        "args": [
            {
                "type": "Number",
                "value": "-2",
                "loc": {
                    "start": 1,
                    "end": 3
                }
            }
        ],
        "loc": {
            "start": 0,
            "end": 3
        }
    },
    "+a": {
        "type": "Operation",
        "op": "-",
        "args": [
            {
                "type": "Identifier",
                "name": "a",
                "loc": {
                    "start": 1,
                    "end": 2
                }
            }
        ],
        "loc": {
            "start": 0,
            "end": 2
        }
    },
    "+2": {
        "type": "Number",
        "value": "+2",
        "loc": {
            "start": 0,
            "end": 2
        }
    }
}